// Jest Snapshot v1, https://goo.gl/fbAQLP

exports[`renders the login screen 1`] = `
<View>
  <View
    keyboardVerticalOffset={0}
    onLayout={[Function]}
    style={
      Array [
        undefined,
        Object {
          "paddingBottom": 0,
        },
      ]
    }
  >
    <View
      style={
        Object {
          "height": 1334,
          "width": undefined,
        }
      }
    >
      <Image
        source={1}
        style={
          Array [
            Object {
              "bottom": 0,
              "left": 0,
              "position": "absolute",
              "right": 0,
              "top": 0,
            },
            Object {
              "height": 1334,
              "width": undefined,
            },
            undefined,
          ]
        }
      />
      <View
        style={
          Object {
            "alignItems": "center",
            "borderRadius": 0.5,
            "marginLeft": "5%",
            "marginTop": 10,
            "opacity": 0.7,
            "padding": 20,
            "width": "90%",
          }
        }
      >
        <TextInput
          allowFontScaling={true}
          autoCapitalize="none"
          autoCorrect={false}
          keyboardType="email-address"
          onChangeText={[Function]}
          onSubmitEditing={[Function]}
          placeholder="Email"
          placeholderTextColor="#505050"
          returnKeyType="next"
          style={
            Object {
              "backgroundColor": "#fff",
              "color": "#000",
              "height": 40,
              "margin": 20,
              "paddingLeft": 15,
              "width": "90%",
            }
          }
          value={null}
        />
        <TextInput
          allowFontScaling={true}
          onChangeText={[Function]}
          onSubmitEditing={[Function]}
          placeholder="Password"
          placeholderTextColor="#505050"
          returnKeyType="go"
          secureTextEntry={true}
          style={
            Object {
              "backgroundColor": "#fff",
              "color": "#000",
              "height": 40,
              "margin": 20,
              "paddingLeft": 15,
              "width": "90%",
            }
          }
        />
        <View
          accessibilityComponentType={undefined}
          accessibilityLabel={undefined}
          accessibilityTraits={undefined}
          accessible={true}
          collapsable={undefined}
          hasTVPreferredFocus={undefined}
          hitSlop={undefined}
          isTVSelectable={true}
          nativeID={undefined}
          onLayout={undefined}
          onResponderGrant={[Function]}
          onResponderMove={[Function]}
          onResponderRelease={[Function]}
          onResponderTerminate={[Function]}
          onResponderTerminationRequest={[Function]}
          onStartShouldSetResponder={[Function]}
          style={
            Object {
              "backgroundColor": "#2980b6",
              "marginTop": 15,
              "opacity": 1,
              "paddingVertical": 15,
              "width": "90%",
            }
          }
          testID={undefined}
          tvParallaxProperties={undefined}
        >
          <Text
            accessible={true}
            allowFontScaling={true}
            ellipsizeMode="tail"
            style={
              Object {
                "color": "#fff",
                "fontWeight": "700",
                "textAlign": "center",
              }
            }
          >
            LOGIN
          </Text>
        </View>
      </View>
      <View
        accessibilityComponentType={undefined}
        accessibilityLabel={undefined}
        accessibilityTraits={undefined}
        accessible={true}
        collapsable={undefined}
        hasTVPreferredFocus={undefined}
        hitSlop={undefined}
        isTVSelectable={true}
        nativeID={undefined}
        onLayout={undefined}
        onResponderGrant={[Function]}
        onResponderMove={[Function]}
        onResponderRelease={[Function]}
        onResponderTerminate={[Function]}
        onResponderTerminationRequest={[Function]}
        onStartShouldSetResponder={[Function]}
        style={
          Object {
            "alignItems": "center",
            "marginTop": 20,
            "opacity": 1,
          }
        }
        testID={undefined}
        tvParallaxProperties={undefined}
      >
        <Text
          accessible={true}
          allowFontScaling={true}
          ellipsizeMode="tail"
          style={
            Object {
              "backgroundColor": "transparent",
              "color": "#00f",
              "margin": 20,
              "padding": 20,
            }
          }
        >
          Signup
        </Text>
      </View>
    </View>
  </View>
</View>
`;

exports[`renders the root without loading screen 1`] = `
<View>
  <View
    keyboardVerticalOffset={0}
    onLayout={[Function]}
    style={
      Array [
        undefined,
        Object {
          "paddingBottom": 0,
        },
      ]
    }
  >
    <View
      style={
        Object {
          "height": 1334,
          "width": undefined,
        }
      }
    >
      <Image
        source={1}
        style={
          Array [
            Object {
              "bottom": 0,
              "left": 0,
              "position": "absolute",
              "right": 0,
              "top": 0,
            },
            Object {
              "height": 1334,
              "width": undefined,
            },
            undefined,
          ]
        }
      />
      <View
        style={
          Object {
            "alignItems": "center",
            "borderRadius": 0.5,
            "marginLeft": "5%",
            "marginTop": 10,
            "opacity": 0.7,
            "padding": 20,
            "width": "90%",
          }
        }
      >
        <TextInput
          allowFontScaling={true}
          autoCapitalize="none"
          autoCorrect={false}
          keyboardType="email-address"
          onChangeText={[Function]}
          onSubmitEditing={[Function]}
          placeholder="Email"
          placeholderTextColor="#505050"
          returnKeyType="next"
          style={
            Object {
              "backgroundColor": "#fff",
              "color": "#000",
              "height": 40,
              "margin": 20,
              "paddingLeft": 15,
              "width": "90%",
            }
          }
          value={null}
        />
        <TextInput
          allowFontScaling={true}
          onChangeText={[Function]}
          onSubmitEditing={[Function]}
          placeholder="Password"
          placeholderTextColor="#505050"
          returnKeyType="go"
          secureTextEntry={true}
          style={
            Object {
              "backgroundColor": "#fff",
              "color": "#000",
              "height": 40,
              "margin": 20,
              "paddingLeft": 15,
              "width": "90%",
            }
          }
        />
        <View
          accessibilityComponentType={undefined}
          accessibilityLabel={undefined}
          accessibilityTraits={undefined}
          accessible={true}
          collapsable={undefined}
          hasTVPreferredFocus={undefined}
          hitSlop={undefined}
          isTVSelectable={true}
          nativeID={undefined}
          onLayout={undefined}
          onResponderGrant={[Function]}
          onResponderMove={[Function]}
          onResponderRelease={[Function]}
          onResponderTerminate={[Function]}
          onResponderTerminationRequest={[Function]}
          onStartShouldSetResponder={[Function]}
          style={
            Object {
              "backgroundColor": "#2980b6",
              "marginTop": 15,
              "opacity": 1,
              "paddingVertical": 15,
              "width": "90%",
            }
          }
          testID={undefined}
          tvParallaxProperties={undefined}
        >
          <Text
            accessible={true}
            allowFontScaling={true}
            ellipsizeMode="tail"
            style={
              Object {
                "color": "#fff",
                "fontWeight": "700",
                "textAlign": "center",
              }
            }
          >
            LOGIN
          </Text>
        </View>
      </View>
      <View
        accessibilityComponentType={undefined}
        accessibilityLabel={undefined}
        accessibilityTraits={undefined}
        accessible={true}
        collapsable={undefined}
        hasTVPreferredFocus={undefined}
        hitSlop={undefined}
        isTVSelectable={true}
        nativeID={undefined}
        onLayout={undefined}
        onResponderGrant={[Function]}
        onResponderMove={[Function]}
        onResponderRelease={[Function]}
        onResponderTerminate={[Function]}
        onResponderTerminationRequest={[Function]}
        onStartShouldSetResponder={[Function]}
        style={
          Object {
            "alignItems": "center",
            "marginTop": 20,
            "opacity": 1,
          }
        }
        testID={undefined}
        tvParallaxProperties={undefined}
      >
        <Text
          accessible={true}
          allowFontScaling={true}
          ellipsizeMode="tail"
          style={
            Object {
              "backgroundColor": "transparent",
              "color": "#00f",
              "margin": 20,
              "padding": 20,
            }
          }
        >
          Signup
        </Text>
      </View>
    </View>
  </View>
</View>
`;
